[WebServer] (node:74968) Warning: The 'NO_COLOR' env is ignored due to the 'FORCE_COLOR' env being set.
[WebServer] (Use `node --trace-warnings ...` to show where the warning was created)
[WebServer] (node:75124) Warning: The 'NO_COLOR' env is ignored due to the 'FORCE_COLOR' env being set.
[WebServer] (Use `node --trace-warnings ...` to show where the warning was created)

Running 10 tests using 1 worker

(node:71012) Warning: The 'NO_COLOR' env is ignored due to the 'FORCE_COLOR' env being set.
(Use `node --trace-warnings ...` to show where the warning was created)
  ok  1 [arc-desktop] › tests\arc-task-ledger\e2e\workbench.spec.ts:6:1 › 资金边→精确检查器→原始支持记录；键盘和手机视图联动 (1.1s)
  ok  2 [arc-desktop] › tests\arc-task-ledger\e2e\workbench.spec.ts:30:1 › R1/R2/R3 服务器→详情→报告→consumer同快照金额及限定范围 (3.7s)
  ok  3 [arc-desktop] › tests\arc-task-ledger\e2e\workbench.spec.ts:47:1 › 补证无法定位明确反馈；重新查询队列不会扫描或暗换快照 (947ms)
  ok  4 [arc-desktop] › tests\arc-task-ledger\e2e\workbench.spec.ts:57:1 › 固定快照任务导航和角色切换沿用同一服务器金额 (1.0s)
  x   5 [arc-desktop] › tests\arc-task-ledger\e2e\workbench.spec.ts:75:1 › 1440、1280与手机实际截图；状态、长地址与200%缩放不裁切 (4.1s)
(node:35712) Warning: The 'NO_COLOR' env is ignored due to the 'FORCE_COLOR' env being set.
(Use `node --trace-warnings ...` to show where the warning was created)
  ok  6 [arc-mobile] › tests\arc-task-ledger\e2e\workbench.spec.ts:6:1 › 资金边→精确检查器→原始支持记录；键盘和手机视图联动 (1.1s)
  ok  7 [arc-mobile] › tests\arc-task-ledger\e2e\workbench.spec.ts:30:1 › R1/R2/R3 服务器→详情→报告→consumer同快照金额及限定范围 (3.7s)
  ok  8 [arc-mobile] › tests\arc-task-ledger\e2e\workbench.spec.ts:47:1 › 补证无法定位明确反馈；重新查询队列不会扫描或暗换快照 (865ms)
  ok  9 [arc-mobile] › tests\arc-task-ledger\e2e\workbench.spec.ts:57:1 › 固定快照任务导航和角色切换沿用同一服务器金额 (734ms)
  x  10 [arc-mobile] › tests\arc-task-ledger\e2e\workbench.spec.ts:75:1 › 1440、1280与手机实际截图；状态、长地址与200%缩放不裁切 (6.9s)


  1) [arc-desktop] › tests\arc-task-ledger\e2e\workbench.spec.ts:75:1 › 1440、1280与手机实际截图；状态、长地址与200%缩放不裁切 

    Error: expect(received).toBeLessThanOrEqual(expected)

    Expected: <= 800
    Received:    809.484375

      89 |         const graph = await page.locator('.flow-graph').boundingBox();
      90 |         expect(graph).not.toBeNull();
    > 91 |         expect(graph!.y + graph!.height).toBeLessThanOrEqual(height!);
         |                                          ^
      92 |       }
      93 |       await page.screenshot({
      94 |         path: `.agent-state/arc-task-ledger/neon-ui-20261006/ui-${id}-${width}x${height}.png`,
        at F:\ZeroTrace\tests\arc-task-ledger\e2e\workbench.spec.ts:91:42

    Error Context: test-results\workbench-1440、1280与手机实际截图；状态、长地址与200-缩放不裁切-arc-desktop\error-context.md

    attachment #2: trace (application/zip) ─────────────────────────────────────────────────────────
    test-results\workbench-1440、1280与手机实际截图；状态、长地址与200-缩放不裁切-arc-desktop\trace.zip
    Usage:

        npx playwright show-trace test-results\workbench-1440、1280与手机实际截图；状态、长地址与200-缩放不裁切-arc-desktop\trace.zip

    ────────────────────────────────────────────────────────────────────────────────────────────────

  2) [arc-mobile] › tests\arc-task-ledger\e2e\workbench.spec.ts:75:1 › 1440、1280与手机实际截图；状态、长地址与200%缩放不裁切 

    Error: expect(locator).toBeVisible() failed

    Locator: getByRole('region', { name: '结算结果' })
    Expected: visible
    Timeout: 5000ms
    Error: element(s) not found

    Call log:
      - Expect "toBeVisible" with timeout 5000ms
      - waiting for getByRole('region', { name: '结算结果' })


      85 |     for (const id of ['19', '104', '8', '108']) {
      86 |       await page.goto(path(id));
    > 87 |       await expect(page.getByRole('region', { name: '结算结果' })).toBeVisible();
         |                                                                ^
      88 |       if (id === '19' && width! >= 1280) {
      89 |         const graph = await page.locator('.flow-graph').boundingBox();
      90 |         expect(graph).not.toBeNull();
        at F:\ZeroTrace\tests\arc-task-ledger\e2e\workbench.spec.ts:87:64

    Error Context: test-results\workbench-1440、1280与手机实际截图；状态、长地址与200-缩放不裁切-arc-mobile\error-context.md

    attachment #2: trace (application/zip) ─────────────────────────────────────────────────────────
    test-results\workbench-1440、1280与手机实际截图；状态、长地址与200-缩放不裁切-arc-mobile\trace.zip
    Usage:

        npx playwright show-trace test-results\workbench-1440、1280与手机实际截图；状态、长地址与200-缩放不裁切-arc-mobile\trace.zip

    ────────────────────────────────────────────────────────────────────────────────────────────────

  2 failed
    [arc-desktop] › tests\arc-task-ledger\e2e\workbench.spec.ts:75:1 › 1440、1280与手机实际截图；状态、长地址与200%缩放不裁切 
    [arc-mobile] › tests\arc-task-ledger\e2e\workbench.spec.ts:75:1 › 1440、1280与手机实际截图；状态、长地址与200%缩放不裁切 
  8 passed (31.9s)
