[WebServer] (node:41960) Warning: The 'NO_COLOR' env is ignored due to the 'FORCE_COLOR' env being set.
[WebServer] (Use `node --trace-warnings ...` to show where the warning was created)
[WebServer] (node:9900) Warning: The 'NO_COLOR' env is ignored due to the 'FORCE_COLOR' env being set.
[WebServer] (Use `node --trace-warnings ...` to show where the warning was created)

Running 49 tests using 2 workers

(node:67936) Warning: The 'NO_COLOR' env is ignored due to the 'FORCE_COLOR' env being set.
(Use `node --trace-warnings ...` to show where the warning was created)
(node:3136) Warning: The 'NO_COLOR' env is ignored due to the 'FORCE_COLOR' env being set.
(Use `node --trace-warnings ...` to show where the warning was created)
  ok  2 [chromium-desktop] › tests\e2e\dashboard.spec.ts:30:1 › renders the Chinese read-only workbench without fake market data or diagnostic navigation (1.2s)
  ok  1 [chromium-desktop] › tests\e2e\dashboard.spec.ts:73:1 › keeps every primary view reachable from the narrow-screen navigation (1.5s)
  ok  3 [chromium-desktop] › tests\e2e\dashboard.spec.ts:111:1 › forensic workstation surfaces Chinese supply, capital and analyst views (1.4s)
  ok  4 [chromium-desktop] › tests\e2e\dashboard.spec.ts:126:1 › replays an immutable Entity relationship hypothesis without enabling ownership merge (2.2s)
  ok  5 [chromium-desktop] › tests\e2e\dashboard.spec.ts:787:1 › renders an Evidence-bound durable search match without claiming missing registry facts (1.2s)
  ok  6 [chromium-desktop] › tests\e2e\dashboard.spec.ts:1080:1 › opens a typed Solana transaction result with Snapshot and Evidence (1.2s)
  ok  7 [chromium-desktop] › tests\e2e\dashboard.spec.ts:1422:1 › renders reconciled Bitcoin UTXOs and keeps node policy Unknown (915ms)
  ok  8 [chromium-desktop] › tests\e2e\dashboard.spec.ts:1520:1 › screens Bitcoin transaction clustering without merging CoinJoin inputs (821ms)
  ok  9 [chromium-desktop] › tests\e2e\dashboard.spec.ts:1638:1 › renders Bitcoin script conditions without converting keys into controller identity (949ms)
  ok 11 [chromium-desktop] › tests\e2e\dashboard.spec.ts:2582:1 › renders migrated Flap buy and exit scenarios without calling custody a burn or RV complete (2.7s)
  ok 10 [chromium-desktop] › tests\e2e\dashboard.spec.ts:1738:1 › shows versioned Flap state and preserves unqueried values as Unknown (3.0s)
  ok 12 [chromium-desktop] › tests\e2e\dashboard.spec.ts:3797:1 › compiles a public pension statement as a human-review draft without inventing an address (1.1s)
  ok 13 [chromium-desktop] › tests\e2e\dashboard.spec.ts:3915:1 › shows durable pension behavior candidates on mobile without inventing social attribution (1.4s)
  ok 14 [chromium-desktop] › tests\e2e\dashboard.spec.ts:4053:1 › shows a supply-conserved burn action without treating the zero address as proof by itself (989ms)
  ok 15 [chromium-desktop] › tests\e2e\dashboard.spec.ts:4145:1 › keeps a complete burn-event range distinct from silent supply-change coverage (1.1s)
  ok 16 [chromium-desktop] › tests\e2e\dashboard.spec.ts:4210:1 › replays a durable burn promotion without converting scoped coverage into silent proof (926ms)
  ok 17 [chromium-desktop] › tests\e2e\dashboard.spec.ts:4322:1 › replays independently verified all-block supply continuity without extending its range (925ms)
  ok 18 [chromium-desktop] › tests\e2e\dashboard.spec.ts:4455:1 › keeps scenario execution gated and exposes provider availability (1.0s)
  ok 19 [chromium-desktop] › tests\e2e\dashboard.spec.ts:4503:1 › renders an Evidence-bound FFT ERC-1167 control surface without hiding Unknown roles (1.1s)
  ok 20 [chromium-desktop] › tests\e2e\dashboard.spec.ts:4695:1 › renders finalized Solana Token-2022 authority and explicit pending domains (1.0s)
(node:80688) Warning: The 'NO_COLOR' env is ignored due to the 'FORCE_COLOR' env being set.
(Use `node --trace-warnings ...` to show where the warning was created)
  ok 21 [chromium-desktop] › tests\e2e\dashboard.spec.ts:4850:1 › renders a Control 活动时间线 and 证据线 without merging entities (2.6s)
  ok 22 [chromium-mobile] › tests\e2e\dashboard.spec.ts:30:1 › renders the Chinese read-only workbench without fake market data or diagnostic navigation (969ms)
(node:69124) Warning: The 'NO_COLOR' env is ignored due to the 'FORCE_COLOR' env being set.
(Use `node --trace-warnings ...` to show where the warning was created)
  ok 23 [chromium-mobile] › tests\e2e\dashboard.spec.ts:111:1 › forensic workstation surfaces Chinese supply, capital and analyst views (1.3s)
  ok 24 [chromium-mobile] › tests\e2e\dashboard.spec.ts:73:1 › keeps every primary view reachable from the narrow-screen navigation (1.1s)
  ok 26 [chromium-mobile] › tests\e2e\dashboard.spec.ts:787:1 › renders an Evidence-bound durable search match without claiming missing registry facts (988ms)
  ok 25 [chromium-mobile] › tests\e2e\dashboard.spec.ts:126:1 › replays an immutable Entity relationship hypothesis without enabling ownership merge (1.6s)
  ok 27 [chromium-mobile] › tests\e2e\dashboard.spec.ts:1080:1 › opens a typed Solana transaction result with Snapshot and Evidence (1.2s)
  ok 28 [chromium-mobile] › tests\e2e\dashboard.spec.ts:1422:1 › renders reconciled Bitcoin UTXOs and keeps node policy Unknown (960ms)
  ok 30 [chromium-mobile] › tests\e2e\dashboard.spec.ts:1638:1 › renders Bitcoin script conditions without converting keys into controller identity (955ms)
  ok 29 [chromium-mobile] › tests\e2e\dashboard.spec.ts:1520:1 › screens Bitcoin transaction clustering without merging CoinJoin inputs (1.0s)
  ok 32 [chromium-mobile] › tests\e2e\dashboard.spec.ts:2582:1 › renders migrated Flap buy and exit scenarios without calling custody a burn or RV complete (5.0s)
  ok 31 [chromium-mobile] › tests\e2e\dashboard.spec.ts:1738:1 › shows versioned Flap state and preserves unqueried values as Unknown (5.3s)
  ok 33 [chromium-mobile] › tests\e2e\dashboard.spec.ts:3797:1 › compiles a public pension statement as a human-review draft without inventing an address (1.2s)
  ok 34 [chromium-mobile] › tests\e2e\dashboard.spec.ts:3915:1 › shows durable pension behavior candidates on mobile without inventing social attribution (1.9s)
  ok 35 [chromium-mobile] › tests\e2e\dashboard.spec.ts:4053:1 › shows a supply-conserved burn action without treating the zero address as proof by itself (3.0s)
  ok 36 [chromium-mobile] › tests\e2e\dashboard.spec.ts:4145:1 › keeps a complete burn-event range distinct from silent supply-change coverage (2.9s)
  ok 37 [chromium-mobile] › tests\e2e\dashboard.spec.ts:4210:1 › replays a durable burn promotion without converting scoped coverage into silent proof (10.4s)
  ok 38 [chromium-mobile] › tests\e2e\dashboard.spec.ts:4322:1 › replays independently verified all-block supply continuity without extending its range (10.9s)
  ok 39 [chromium-mobile] › tests\e2e\dashboard.spec.ts:4455:1 › keeps scenario execution gated and exposes provider availability (10.8s)
  ok 40 [chromium-mobile] › tests\e2e\dashboard.spec.ts:4503:1 › renders an Evidence-bound FFT ERC-1167 control surface without hiding Unknown roles (10.7s)
  ok 41 [chromium-mobile] › tests\e2e\dashboard.spec.ts:4695:1 › renders finalized Solana Token-2022 authority and explicit pending domains (2.0s)
(node:80084) Warning: The 'NO_COLOR' env is ignored due to the 'FORCE_COLOR' env being set.
(Use `node --trace-warnings ...` to show where the warning was created)
  ok 42 [chromium-mobile] › tests\e2e\dashboard.spec.ts:4850:1 › renders a Control 活动时间线 and 证据线 without merging entities (2.1s)
  ok 43 [chromium-visual] › tests\e2e\visual-golden.spec.ts:220:1 › captures the dark 1920×1080 workbench (1.3s)
(node:39896) Warning: The 'NO_COLOR' env is ignored due to the 'FORCE_COLOR' env being set.
(Use `node --trace-warnings ...` to show where the warning was created)
  ok 44 [chromium-visual] › tests\e2e\visual-golden.spec.ts:238:1 › captures the 125% equivalent physical 1920×1080 workbench (1.2s)
  ok 45 [chromium-visual] › tests\e2e\visual-golden.spec.ts:229:1 › captures the light 1366×768 workbench (1.2s)
  ok 46 [chromium-visual] › tests\e2e\visual-golden.spec.ts:247:1 › captures the 150% equivalent physical 1920×1080 workbench (1.4s)
  ok 47 [chromium-visual] › tests\e2e\visual-golden.spec.ts:256:1 › captures the narrow reduced-motion navigation (985ms)
  ok 48 [chromium-visual] › tests\e2e\visual-golden.spec.ts:266:1 › captures the explicit provider-down state (1.1s)
  ok 49 [chromium-visual] › tests\e2e\visual-golden.spec.ts:276:1 › captures the long provider and storage state without clipping the evidence boundary (2.2s)

  49 passed (1.5m)
